https://fminside.net/players/3-fm-23/2000180860-nuredin-rexhepi
https://fminside.net/players/3-fm-23/704209-franco-brienza
https://fminside.net/players/3-fm-23/5113564-matt-jarvis
https://fminside.net/players/3-fm-23/2000248620-connor-high
https://fminside.net/players/3-fm-23/838369-daniele-mannini
https://fminside.net/players/3-fm-23/2000180816-jean-philippe-njike-nana
https://fminside.net/players/3-fm-23/2000241724-andres-garcia-robledo
https://fminside.net/players/3-fm-23/2000242566-ayoub-chaikhoun
https://fminside.net/players/3-fm-23/2000178402-gio-loureiro
https://fminside.net/players/3-fm-23/2000193608-tim-bairlein
https://fminside.net/players/3-fm-23/92025952-collin-quaner
https://fminside.net/players/3-fm-23/2000185034-noah-crisp
https://fminside.net/players/3-fm-23/35013627-konstantin-rausch
https://fminside.net/players/3-fm-23/2000241976-yannick-eduardo
https://fminside.net/players/3-fm-23/2000242559-zaid-amoussou-tchibara
https://fminside.net/players/3-fm-23/5111053-ryan-taylor
https://fminside.net/players/3-fm-23/35007722-johannes-flum
https://fminside.net/players/3-fm-23/35011443-jan-hochscheidt
https://fminside.net/players/3-fm-23/2000242809-gabriel-lendo-sukama
https://fminside.net/players/3-fm-23/5101728-danny-pugh
https://fminside.net/players/3-fm-23/35014477-timo-gebhart
https://fminside.net/players/3-fm-23/2000232649-unax-del-cura
https://fminside.net/players/3-fm-23/2000241408-tom-ackermann
https://fminside.net/players/3-fm-23/2000246475-marcos-moraga
https://fminside.net/players/3-fm-23/2000238350-adrian-martin
https://fminside.net/players/3-fm-23/2000248621-jack-massey
https://fminside.net/players/3-fm-23/8700700-oliver-fink
https://fminside.net/players/3-fm-23/2000178404-yestin-shakespear
https://fminside.net/players/3-fm-23/2000237171-nathan-opoku
https://fminside.net/players/3-fm-23/2000248420-dani-diaz
https://fminside.net/players/3-fm-23/2000064338-yuito-suzuki
https://fminside.net/players/3-fm-23/35003423-stephan-furstner
https://fminside.net/players/3-fm-23/2000246121-pablo-soules
https://fminside.net/players/3-fm-23/823409-migue
https://fminside.net/players/3-fm-23/2000194760-cuba-mitchell
https://fminside.net/players/3-fm-23/2000240960-alejo-tangredi
https://fminside.net/players/3-fm-23/2000241301-henry-oware
https://fminside.net/players/3-fm-23/2000247504-cheick-oumar-konate
https://fminside.net/players/3-fm-23/2000247939-luis-marriaga
https://fminside.net/players/3-fm-23/426449-shane-smeltz
https://fminside.net/players/3-fm-23/2000241975-jakob-sachse
https://fminside.net/players/3-fm-23/2000233767-dennis-ferraj
https://fminside.net/players/3-fm-23/2000237616-ibrahim-traore
https://fminside.net/players/3-fm-23/5006211-paul-anderson
https://fminside.net/players/3-fm-23/35005529-jan-philipp-kalla
https://fminside.net/players/3-fm-23/91019248-tim-kister
https://fminside.net/players/3-fm-23/2000245263-johan-manzambi
https://fminside.net/players/3-fm-23/2000245628-karim-affo
https://fminside.net/players/3-fm-23/2000194160-kurjakus-jakob
https://fminside.net/players/3-fm-23/2000242296-samuel-hernandez
https://fminside.net/players/3-fm-23/2000242552-seldin-djedovic
https://fminside.net/players/3-fm-23/2000242561-julius-krug
https://fminside.net/players/3-fm-23/2000243519-noam-marchal
https://fminside.net/players/3-fm-23/2000245883-omar-abbas-mvungi
https://fminside.net/players/3-fm-23/893409-sascha-traut
https://fminside.net/players/3-fm-23/2000052485-keegan-hartley
https://fminside.net/players/3-fm-23/2000163964-hisham-chiha
https://fminside.net/players/3-fm-23/2000189327-fabio-desole
https://fminside.net/players/3-fm-23/2000243701-ilya-polyakov
https://fminside.net/players/3-fm-23/2000246122-serigne-faye
https://fminside.net/players/3-fm-23/2000246491-javier-lizaldez
https://fminside.net/players/3-fm-23/28012760-yaser-kasim
https://fminside.net/players/3-fm-23/45111717-riku-danzaki
https://fminside.net/players/3-fm-23/67024245-marc-de-val
https://fminside.net/players/3-fm-23/91015077-philipp-riese
https://fminside.net/players/3-fm-23/2000189973-yianni-goulandris
https://fminside.net/players/3-fm-23/2000192560-liam-chadwick
https://fminside.net/players/3-fm-23/2000239585-josh-miles
https://fminside.net/players/3-fm-23/2000241971-nuha-jatta
https://fminside.net/players/3-fm-23/2000249133-elias-katsaros
https://fminside.net/players/3-fm-23/2000240343-lassine-diarra
https://fminside.net/players/3-fm-23/2000244647-mgboji-ume
https://fminside.net/players/3-fm-23/2000248157-mitchell-bates
https://fminside.net/players/3-fm-23/2000248861-dondre-abraham
https://fminside.net/players/3-fm-23/2000189966-roraigh-browne
https://fminside.net/players/3-fm-23/2000242370-matthew-statton
https://fminside.net/players/3-fm-23/2000246472-brandon-bak
https://fminside.net/players/3-fm-23/2000244633-mahmud-sahinturk
https://fminside.net/players/3-fm-23/2000244634-zakaria-anhari
https://fminside.net/players/3-fm-23/2000247950-marco-esteban
https://fminside.net/players/3-fm-23/2000248618-bradley-kelly
https://fminside.net/players/3-fm-23/8726947-marc-stein
https://fminside.net/players/3-fm-23/2000232590-bertin-jacquesson
https://fminside.net/players/3-fm-23/2000249097-shyam-taank
https://fminside.net/players/3-fm-23/5112191-adam-collin
https://fminside.net/players/3-fm-23/12007040-loloti
https://fminside.net/players/3-fm-23/2000155620-oliver-semmle
https://fminside.net/players/3-fm-23/28027436-gearoid-morrissey
https://fminside.net/players/3-fm-23/81000685-je-vaughn-watson
https://fminside.net/players/3-fm-23/2000052148-morten-spencer
https://fminside.net/players/3-fm-23/2000056887-seydil-toure
https://fminside.net/players/3-fm-23/2000148173-arman-markosian
https://fminside.net/players/3-fm-23/2000233313-adri
https://fminside.net/players/3-fm-23/2000238610-viliam-hynek
https://fminside.net/players/3-fm-23/2000241913-zaid-herradi
https://fminside.net/players/3-fm-23/2000241995-tim-arnold
https://fminside.net/players/3-fm-23/2000243478-khamy-bello
https://fminside.net/players/3-fm-23/2000246509-diego-espinosa
https://fminside.net/players/3-fm-23/2000248617-josh-smith
https://fminside.net/players/3-fm-23/2000249092-fletcher-hubbard
https://fminside.net/players/3-fm-23/2000250579-abdoulaye-gory
https://fminside.net/players/3-fm-23/2000179762-finn-abraham
https://fminside.net/players/3-fm-23/2000193756-abel-alabi
https://fminside.net/players/3-fm-23/2000223130-gianmarco-bussotti
https://fminside.net/players/3-fm-23/2000240046-dani-rojo
https://fminside.net/players/3-fm-23/2000240413-omar-correia
https://fminside.net/players/3-fm-23/2000242808-philipp-niedermeier
https://fminside.net/players/3-fm-23/2000194673-darijan-silic
https://fminside.net/players/3-fm-23/2000209085-dzhaner-sadetinov
https://fminside.net/players/3-fm-23/2000244624-dominic-grehl
https://fminside.net/players/3-fm-23/14080629-esteban-ruiz-diaz
https://fminside.net/players/3-fm-23/2000233961-yanis-jean
https://fminside.net/players/3-fm-23/2000235693-quicala-bari
https://fminside.net/players/3-fm-23/2000238357-guillermo-marquina
https://fminside.net/players/3-fm-23/2000241555-mohammad-amir-mohammadi
https://fminside.net/players/3-fm-23/2000243288-diego-moreno
https://fminside.net/players/3-fm-23/2000247095-chris-kwasi-yeboah
https://fminside.net/players/3-fm-23/2000249091-joel-mcgregor
https://fminside.net/players/3-fm-23/2000056305-reece-hall
https://fminside.net/players/3-fm-23/2000072578-pedro-junior-nkosi-kansaku
https://fminside.net/players/3-fm-23/2000136279-akim-djibril
https://fminside.net/players/3-fm-23/2000185379-filippo-doldi
https://fminside.net/players/3-fm-23/2000247747-sahmkou-camara
https://fminside.net/players/3-fm-23/91123039-manolo-rodas
https://fminside.net/players/3-fm-23/91147227-manuel-hoffmann
https://fminside.net/players/3-fm-23/2000055953-alessandro-azzi
https://fminside.net/players/3-fm-23/2000188524-lewis-brooks
https://fminside.net/players/3-fm-23/2000232271-yamin-maouchi
https://fminside.net/players/3-fm-23/2000236057-milo-yosef
https://fminside.net/players/3-fm-23/2000244629-fabrice-kempe
https://fminside.net/players/3-fm-23/2000247697-favour-onukwui
https://fminside.net/players/3-fm-23/2000248619-charlie-hall
https://fminside.net/players/3-fm-23/49046440-kemy-amiche
https://fminside.net/players/3-fm-23/2000060445-brian-hysa
https://fminside.net/players/3-fm-23/2000075618-tommaso-gittini
https://fminside.net/players/3-fm-23/2000118110-emmanuel-kwatchey
https://fminside.net/players/3-fm-23/2000194096-leo-sommerfeld
https://fminside.net/players/3-fm-23/2000205831-filippo-cecchini
https://fminside.net/players/3-fm-23/2000233965-ibrahima-balde
https://fminside.net/players/3-fm-23/2000234275-adama-niakate
https://fminside.net/players/3-fm-23/2000247425-lorenzo-nardo
https://fminside.net/players/3-fm-23/2000249315-frankie-hvid
https://fminside.net/players/3-fm-23/57209812-sergio-sartini
https://fminside.net/players/3-fm-23/2000189207-gaston-valles
https://fminside.net/players/3-fm-23/2000240347-isaac-luneko
https://fminside.net/players/3-fm-23/2000244937-niklas-warkotsch
https://fminside.net/players/3-fm-23/2000245483-tommaso-avitabile
https://fminside.net/players/3-fm-23/2000246428-bartol-kunert
https://fminside.net/players/3-fm-23/2000247304-mouhamed-souare
https://fminside.net/players/3-fm-23/2000247505-sumaila-awudu
https://fminside.net/players/3-fm-23/2000247869-logan-assignon
https://fminside.net/players/3-fm-23/2000249772-evens-seridor
https://fminside.net/players/3-fm-23/2000167070-alex-adamcsik
https://fminside.net/players/3-fm-23/2000177871-max-jolliffe
https://fminside.net/players/3-fm-23/2000194168-deniz-karakus
https://fminside.net/players/3-fm-23/2000194768-josh-robertson
https://fminside.net/players/3-fm-23/2000223174-daniel-pierre-mayele
https://fminside.net/players/3-fm-23/2000238354-samu-martin
https://fminside.net/players/3-fm-23/2000245061-cedric-sponholz
https://fminside.net/players/3-fm-23/35000050-thomas-rathgeber
https://fminside.net/players/3-fm-23/95031476-jacob-evans
https://fminside.net/players/3-fm-23/2000013867-enzo-philibert
https://fminside.net/players/3-fm-23/2000047965-filippo-campinotti
https://fminside.net/players/3-fm-23/2000187852-filippo-cottini
https://fminside.net/players/3-fm-23/2000191967-alex-spinelli
https://fminside.net/players/3-fm-23/2000222922-leonardo-consiglio
https://fminside.net/players/3-fm-23/2000238356-david-perez
https://fminside.net/players/3-fm-23/2000238603-david-kouale-kondrou
https://fminside.net/players/3-fm-23/2000240351-sascha-touodop-tekeu
https://fminside.net/players/3-fm-23/2000241945-francis-moslero
https://fminside.net/players/3-fm-23/2000241947-juan-bujalance
https://fminside.net/players/3-fm-23/2000242523-luis-rivas
https://fminside.net/players/3-fm-23/2000246546-dani-gonzalez
https://fminside.net/players/3-fm-23/2000247966-mikel-anso
https://fminside.net/players/3-fm-23/2000248616-jake-young
https://fminside.net/players/3-fm-23/2000071252-furkan-karabiyik
https://fminside.net/players/3-fm-23/2000161371-taye-weir
https://fminside.net/players/3-fm-23/2000185241-alessandro-posniak
https://fminside.net/players/3-fm-23/2000232076-matis-adon
https://fminside.net/players/3-fm-23/2000240334-emmanuel-kouassi
https://fminside.net/players/3-fm-23/2000241493-rubi
https://fminside.net/players/3-fm-23/2000241552-raphael-dorra
https://fminside.net/players/3-fm-23/2000241972-arne-seemann
https://fminside.net/players/3-fm-23/2000244639-gabriel-sadlek
https://fminside.net/players/3-fm-23/2000245038-nuhu-shaibu
https://fminside.net/players/3-fm-23/2000245535-paul-jarnot
https://fminside.net/players/3-fm-23/2000246447-sergio-fernandez
https://fminside.net/players/3-fm-23/91108838-florian-bichler
https://fminside.net/players/3-fm-23/2000051504-brian-garzon
https://fminside.net/players/3-fm-23/2000075634-nicholas-pennati
https://fminside.net/players/3-fm-23/2000194678-ibragim-tsatiev
https://fminside.net/players/3-fm-23/2000234274-charles-andre-raux-yao
https://fminside.net/players/3-fm-23/2000235342-jean-kotchi
https://fminside.net/players/3-fm-23/2000242295-jorge-pechero
https://fminside.net/players/3-fm-23/2000243291-nazim-mammadzade
https://fminside.net/players/3-fm-23/2000243620-daniele-feliziani
https://fminside.net/players/3-fm-23/2000244626-lennart-heck
https://fminside.net/players/3-fm-23/2000244642-rogan-derbo
https://fminside.net/players/3-fm-23/2000244650-enoch-moussa
https://fminside.net/players/3-fm-23/2000249100-sami-kern
https://fminside.net/players/3-fm-23/2000051908-edoardo-bocchio
https://fminside.net/players/3-fm-23/2000058759-max-kilsby
https://fminside.net/players/3-fm-23/2000062991-tavonga-kuleya
https://fminside.net/players/3-fm-23/2000067667-tim-hammel
https://fminside.net/players/3-fm-23/2000189870-rory-powell
https://fminside.net/players/3-fm-23/2000237612-tom-chupin
https://fminside.net/players/3-fm-23/2000241476-toby-warketin
https://fminside.net/players/3-fm-23/2000243604-giovanni-sicilia
https://fminside.net/players/3-fm-23/2000243786-nico-wiltz
https://fminside.net/players/3-fm-23/2000246024-federico-penzo
https://fminside.net/players/3-fm-23/2000246979-amine-taiar
https://fminside.net/players/3-fm-23/49037944-zakaria-bengueddoudj
https://fminside.net/players/3-fm-23/91018628-alexander-scheelen
https://fminside.net/players/3-fm-23/2000072983-matteo-ferro
https://fminside.net/players/3-fm-23/2000159208-tola-showunmi
https://fminside.net/players/3-fm-23/2000161367-tom-wynn-davies
https://fminside.net/players/3-fm-23/2000189975-josh-mullins
https://fminside.net/players/3-fm-23/2000240341-yannis-verdier
https://fminside.net/players/3-fm-23/2000242846-ugo-coelho
https://fminside.net/players/3-fm-23/2000243450-hugo-pelaez
https://fminside.net/players/3-fm-23/2000244202-jonathan-akaegbobi
https://fminside.net/players/3-fm-23/2000244566-max-ritter
https://fminside.net/players/3-fm-23/2000244640-dardan-pepa
https://fminside.net/players/3-fm-23/2000247957-santi-lagreca
https://fminside.net/players/3-fm-23/2000249120-dan-blackburn
https://fminside.net/players/3-fm-23/72045940-timo-pitter
https://fminside.net/players/3-fm-23/92017382-tabe-nyenty
https://fminside.net/players/3-fm-23/2000049443-toni-escobedo
https://fminside.net/players/3-fm-23/2000145725-alessandro-pavanati
https://fminside.net/players/3-fm-23/2000194204-oleg-skakun
https://fminside.net/players/3-fm-23/2000241405-matteo-fravola
https://fminside.net/players/3-fm-23/2000241455-dimtrios-diamantidis
https://fminside.net/players/3-fm-23/2000241937-alberto-bermejo
https://fminside.net/players/3-fm-23/2000241944-fran-robles
https://fminside.net/players/3-fm-23/2000244514-giulio-ferrari
https://fminside.net/players/3-fm-23/2000247507-abdellah-baallal
https://fminside.net/players/3-fm-23/2000249093-archie-milne
https://fminside.net/players/3-fm-23/37058071-robin-deckers
https://fminside.net/players/3-fm-23/92023908-bastian-muller
https://fminside.net/players/3-fm-23/2000076609-francisco-agullo
https://fminside.net/players/3-fm-23/2000099497-lorenzo-facchetti
https://fminside.net/players/3-fm-23/2000100052-kevin-groth
https://fminside.net/players/3-fm-23/2000102609-koray-temiz
https://fminside.net/players/3-fm-23/2000161821-bassit-mandey
https://fminside.net/players/3-fm-23/2000186964-matteo-agostino-crudeli
https://fminside.net/players/3-fm-23/2000233765-younes-ebnoutalib
https://fminside.net/players/3-fm-23/2000235328-wissam-jedd
https://fminside.net/players/3-fm-23/2000238353-ryan-luis
https://fminside.net/players/3-fm-23/2000246585-juan-lorente
https://fminside.net/players/3-fm-23/2000247714-sambaly-keita
https://fminside.net/players/3-fm-23/35008152-rico-morack
https://fminside.net/players/3-fm-23/83231179-jin-an
https://fminside.net/players/3-fm-23/2000052459-max-fisher
https://fminside.net/players/3-fm-23/2000063248-nicolas-silva
https://fminside.net/players/3-fm-23/2000179764-joshua-cunningham
https://fminside.net/players/3-fm-23/2000186404-michael-martinazzo
https://fminside.net/players/3-fm-23/2000192134-nikos-spartalis
https://fminside.net/players/3-fm-23/2000194663-mason-grumbach
https://fminside.net/players/3-fm-23/2000218903-francesco-macchi
https://fminside.net/players/3-fm-23/2000232765-nesta-elphege
https://fminside.net/players/3-fm-23/2000234269-arnold-vula
https://fminside.net/players/3-fm-23/2000235327-joan-siber
https://fminside.net/players/3-fm-23/2000238360-luis-morales
https://fminside.net/players/3-fm-23/2000241029-mohamed-hamdoune
https://fminside.net/players/3-fm-23/2000241981-sergio-laguna
https://fminside.net/players/3-fm-23/2000249154-karim-tmimi
https://fminside.net/players/3-fm-23/2000058246-tommaso-fermi
https://fminside.net/players/3-fm-23/2000078505-giacomo-cavallini
https://fminside.net/players/3-fm-23/2000103330-can-uzun
https://fminside.net/players/3-fm-23/2000166556-cody-johnson
https://fminside.net/players/3-fm-23/2000190514-travis-hernes
https://fminside.net/players/3-fm-23/2000234279-maxime-da-veiga
https://fminside.net/players/3-fm-23/2000238351-yanis-senhadji
https://fminside.net/players/3-fm-23/2000240345-steevy-mazikou
https://fminside.net/players/3-fm-23/2000242044-mouhamed-lamine
https://fminside.net/players/3-fm-23/2000244759-julius-wiedemann
https://fminside.net/players/3-fm-23/2000245092-alex-cerro
https://fminside.net/players/3-fm-23/2000248606-ike-orji
https://fminside.net/players/3-fm-23/2000250578-kelechi-egesionu
https://fminside.net/players/3-fm-23/91005104-simon-schmidt
https://fminside.net/players/3-fm-23/2000058755-scott-simons
https://fminside.net/players/3-fm-23/2000072970-emiliano-rossi
https://fminside.net/players/3-fm-23/2000079280-oumar-sene
https://fminside.net/players/3-fm-23/2000161372-anton-dworzak
https://fminside.net/players/3-fm-23/2000162728-raul-prisco
https://fminside.net/players/3-fm-23/2000180948-davide-dellerba
https://fminside.net/players/3-fm-23/2000234273-jason-jacqueray
https://fminside.net/players/3-fm-23/2000238355-javi-sanchez
https://fminside.net/players/3-fm-23/2000238362-alejandro-vergaz
https://fminside.net/players/3-fm-23/2000241194-matteo-brossel
https://fminside.net/players/3-fm-23/2000241835-marckus
https://fminside.net/players/3-fm-23/2000241912-jan-zupancic
https://fminside.net/players/3-fm-23/2000244635-arda-durmus
https://fminside.net/players/3-fm-23/2000244641-nathanael-victor-nodyi
https://fminside.net/players/3-fm-23/2000245539-zacharie-lebreton
https://fminside.net/players/3-fm-23/2000247519-joel
https://fminside.net/players/3-fm-23/2000248094-xevi-perez
https://fminside.net/players/3-fm-23/82080536-johan-guzman
https://fminside.net/players/3-fm-23/91122811-jonas-walter
https://fminside.net/players/3-fm-23/2000049998-aidan-macnamara
https://fminside.net/players/3-fm-23/2000060708-massimo-benedetto-forte
https://fminside.net/players/3-fm-23/2000161374-alexander-bell
https://fminside.net/players/3-fm-23/2000185154-haseem-bakre
https://fminside.net/players/3-fm-23/2000194169-mohamad-okacha
https://fminside.net/players/3-fm-23/2000234281-lilian-ricol
https://fminside.net/players/3-fm-23/2000238361-aaron-velilles
https://fminside.net/players/3-fm-23/2000241548-dennis-knabe-lerche
https://fminside.net/players/3-fm-23/2000241789-luca-valdese
https://fminside.net/players/3-fm-23/2000242027-dani-cuevas
https://fminside.net/players/3-fm-23/2000242342-sergio-cota
https://fminside.net/players/3-fm-23/2000244833-yan-marcos-friessner-montas
https://fminside.net/players/3-fm-23/2000244942-toni-wagenknecht
https://fminside.net/players/3-fm-23/2000246386-oscar-vazquez
https://fminside.net/players/3-fm-23/2000246506-alex-calvo
https://fminside.net/players/3-fm-23/2000247510-cunete
https://fminside.net/players/3-fm-23/2000247746-bilel-tafni
https://fminside.net/players/3-fm-23/2000248045-albert-soldevila
https://fminside.net/players/3-fm-23/2000076899-adrian-gonzalez-diaz
https://fminside.net/players/3-fm-23/2000098457-gabriel-sartori
https://fminside.net/players/3-fm-23/2000135553-raul-coprean
https://fminside.net/players/3-fm-23/2000163184-domenico-de-filippo
https://fminside.net/players/3-fm-23/2000187445-piermario-alberini
https://fminside.net/players/3-fm-23/2000188923-john-dunlop
https://fminside.net/players/3-fm-23/2000194660-alan-glapa
https://fminside.net/players/3-fm-23/2000223181-andrea-straforini
https://fminside.net/players/3-fm-23/2000238358-charles-trujillo
https://fminside.net/players/3-fm-23/2000239526-anatolii-semenets
https://fminside.net/players/3-fm-23/2000240896-lilian-amidieu
https://fminside.net/players/3-fm-23/2000241951-miguel
https://fminside.net/players/3-fm-23/2000242845-ismail-bouneb
https://fminside.net/players/3-fm-23/2000244532-giovanni-brighi
https://fminside.net/players/3-fm-23/2000246243-bema-sina
https://fminside.net/players/3-fm-23/2000246906-mori-tomaz-de-oliveira
https://fminside.net/players/3-fm-23/2000247713-moustapha-kante
https://fminside.net/players/3-fm-23/48047541-theo-faillon
https://fminside.net/players/3-fm-23/2000051503-jaden-crowhurst
https://fminside.net/players/3-fm-23/2000065298-samson-esan
https://fminside.net/players/3-fm-23/2000075612-flavio-dilernia
https://fminside.net/players/3-fm-23/2000117265-maksym-tytarenko
https://fminside.net/players/3-fm-23/2000183000-luca-gramignoli
https://fminside.net/players/3-fm-23/2000186550-leonardo-manca
https://fminside.net/players/3-fm-23/2000194677-sinan-bruning
https://fminside.net/players/3-fm-23/2000233770-aliou-drame
https://fminside.net/players/3-fm-23/2000235343-jilvaro-luyinga
https://fminside.net/players/3-fm-23/2000240350-jad-koembo
https://fminside.net/players/3-fm-23/2000241986-daniel-vazquez
https://fminside.net/players/3-fm-23/2000246443-thomas-piazza
https://fminside.net/players/3-fm-23/2000048425-fadiyl-bandaogo
https://fminside.net/players/3-fm-23/2000052790-chema
https://fminside.net/players/3-fm-23/2000136161-gaye-camara
https://fminside.net/players/3-fm-23/2000164358-raphael-kofler
https://fminside.net/players/3-fm-23/2000165982-imran-kayani
https://fminside.net/players/3-fm-23/2000192184-kennedy-mupomba
https://fminside.net/players/3-fm-23/2000235368-anisse-bellebrahim
https://fminside.net/players/3-fm-23/2000240177-bilal-merouga
https://fminside.net/players/3-fm-23/2000240352-jules-crampe
https://fminside.net/players/3-fm-23/2000244520-orazio-marco-pazienza
https://fminside.net/players/3-fm-23/2000244523-nicolo-fontanelli
https://fminside.net/players/3-fm-23/2000244569-jan-philipp-stottmann
https://fminside.net/players/3-fm-23/2000245186-leon-asseth
https://fminside.net/players/3-fm-23/2000246187-jose-carp
https://fminside.net/players/3-fm-23/2000246192-hugo-gomez
https://fminside.net/players/3-fm-23/2000247712-william-harhouz
https://fminside.net/players/3-fm-23/2000248328-gaizka-garcia
https://fminside.net/players/3-fm-23/2000250478-mahmadu-bajo
https://fminside.net/players/3-fm-23/31042042-charlee-hughes
https://fminside.net/players/3-fm-23/91180753-michael-panknin
https://fminside.net/players/3-fm-23/2000024640-alberto-pauletto
https://fminside.net/players/3-fm-23/2000065695-tommy-davis
https://fminside.net/players/3-fm-23/2000166111-jack-wood
https://fminside.net/players/3-fm-23/2000194162-leart-halimi
https://fminside.net/players/3-fm-23/2000194921-felix-kaiser
https://fminside.net/players/3-fm-23/2000233963-michael-mortume
https://fminside.net/players/3-fm-23/2000241939-alex-lopez
https://fminside.net/players/3-fm-23/2000241963-shayan-sadeghi
https://fminside.net/players/3-fm-23/2000241977-alvaro-perales
https://fminside.net/players/3-fm-23/2000242843-enzo-misse
https://fminside.net/players/3-fm-23/2000243857-bastian-bsullak
https://fminside.net/players/3-fm-23/2000244928-moritz-ruprecht
https://fminside.net/players/3-fm-23/2000246448-davide-ruffato
https://fminside.net/players/3-fm-23/2000247743-terry-elana
https://fminside.net/players/3-fm-23/31042036-baris-altintop
https://fminside.net/players/3-fm-23/67095859-luis-costa
https://fminside.net/players/3-fm-23/91207458-mehmet-yildiz
https://fminside.net/players/3-fm-23/2000163828-pablo-gomez
https://fminside.net/players/3-fm-23/2000184630-hugo-pinto
https://fminside.net/players/3-fm-23/2000185857-aimar-govea
https://fminside.net/players/3-fm-23/2000187195-umberto-ghio
https://fminside.net/players/3-fm-23/2000194927-kevin-mamiza
https://fminside.net/players/3-fm-23/2000222004-vittorio-satalino
https://fminside.net/players/3-fm-23/2000222304-alessandro-russo
https://fminside.net/players/3-fm-23/2000234271-venuste-baboula
https://fminside.net/players/3-fm-23/2000241942-francisco-baeza
https://fminside.net/players/3-fm-23/2000243855-georgios-kiriakidis
https://fminside.net/players/3-fm-23/2000244133-oskar-martin-hill
https://fminside.net/players/3-fm-23/2000244627-sven-meyer
https://fminside.net/players/3-fm-23/2000244945-tommy-stopp
https://fminside.net/players/3-fm-23/2000245520-kevin-blaecke
https://fminside.net/players/3-fm-23/2000246445-daniel-ribelles
https://fminside.net/players/3-fm-23/2000246503-hector-taboada
https://fminside.net/players/3-fm-23/2000247969-alvaro-garcia
https://fminside.net/players/3-fm-23/2000052137-will-brook
https://fminside.net/players/3-fm-23/2000145710-mattia-lanzarotti
https://fminside.net/players/3-fm-23/2000183434-hodei
https://fminside.net/players/3-fm-23/2000186402-groovy-macanthony
https://fminside.net/players/3-fm-23/2000191963-vincenzo-antonio-scotto-di-clemente
https://fminside.net/players/3-fm-23/2000192141-ethan-girard
https://fminside.net/players/3-fm-23/2000232663-frankie-franz
https://fminside.net/players/3-fm-23/2000233790-alejandro-valcarce
https://fminside.net/players/3-fm-23/2000234276-adama-camara
https://fminside.net/players/3-fm-23/2000237520-zaccaria-gerosa
https://fminside.net/players/3-fm-23/2000241941-angel-granados
https://fminside.net/players/3-fm-23/2000244534-riccardo-domeniconi
https://fminside.net/players/3-fm-23/2000244574-max-bartels
https://fminside.net/players/3-fm-23/2000244788-sinischa-kubovic
https://fminside.net/players/3-fm-23/2000244932-william-kallenbach
https://fminside.net/players/3-fm-23/2000247856-joel-bayilu
https://fminside.net/players/3-fm-23/2000247858-magatte-ndiaye
https://fminside.net/players/3-fm-23/2000248006-borja-lopez-de-aguileta
https://fminside.net/players/3-fm-23/2000248926-anuar-amador
https://fminside.net/players/3-fm-23/2000250304-hugo-garie
https://fminside.net/players/3-fm-23/31042301-diadier-camara
https://fminside.net/players/3-fm-23/83169821-maniche
https://fminside.net/players/3-fm-23/92012021-kai-fritz
https://fminside.net/players/3-fm-23/2000064003-dylan-morgan
https://fminside.net/players/3-fm-23/2000071241-jasper-kuhn
https://fminside.net/players/3-fm-23/2000072076-ajani-quaas
https://fminside.net/players/3-fm-23/2000161454-maurice-boakye
https://fminside.net/players/3-fm-23/2000186421-giuseppe-zingales
https://fminside.net/players/3-fm-23/2000187850-francesco-cerroni
https://fminside.net/players/3-fm-23/2000191916-david-galvan
https://fminside.net/players/3-fm-23/2000194134-canel-kerem-kavurmacioglu
https://fminside.net/players/3-fm-23/2000235381-younes-abkary
https://fminside.net/players/3-fm-23/2000243838-timocin-yuksel
https://fminside.net/players/3-fm-23/2000243850-louis-rohmann
https://fminside.net/players/3-fm-23/2000244562-bernd-riesselmann
https://fminside.net/players/3-fm-23/2000247843-ihaia-gray
https://fminside.net/players/3-fm-23/2000248209-alejandro-camacho
https://fminside.net/players/3-fm-23/2000250305-faouzi-benabed
https://fminside.net/players/3-fm-23/30029667-josh-gillies
https://fminside.net/players/3-fm-23/31036033-callum-kealy
https://fminside.net/players/3-fm-23/67249377-blai-pons
https://fminside.net/players/3-fm-23/2000050826-antonio-la-pietra
https://fminside.net/players/3-fm-23/2000054912-charlie-williams
https://fminside.net/players/3-fm-23/2000071840-antonio-gervasio
https://fminside.net/players/3-fm-23/2000163965-mckenzie-mason
https://fminside.net/players/3-fm-23/2000188911-lennon-maclorg
https://fminside.net/players/3-fm-23/2000194165-metehan-yildirim
https://fminside.net/players/3-fm-23/2000194213-kirac-dabak
https://fminside.net/players/3-fm-23/2000194571-conner-schulze
https://fminside.net/players/3-fm-23/2000194664-tami-benkert
https://fminside.net/players/3-fm-23/2000234272-merwan-ifnaoui
https://fminside.net/players/3-fm-23/2000235373-noa-donat
https://fminside.net/players/3-fm-23/2000237011-alexandre-salvadori
https://fminside.net/players/3-fm-23/2000239586-finlay-heath
https://fminside.net/players/3-fm-23/2000241742-nico-tubing
https://fminside.net/players/3-fm-23/2000241943-antonio-jose-duran
https://fminside.net/players/3-fm-23/2000241984-carlos-serrano
https://fminside.net/players/3-fm-23/2000246055-sunday-ocheche
https://fminside.net/players/3-fm-23/2000246496-juan-soria
https://fminside.net/players/3-fm-23/2000247744-theo-dengerma
https://fminside.net/players/3-fm-23/2000050486-devis-koni
https://fminside.net/players/3-fm-23/2000051185-harrison-bebbington
https://fminside.net/players/3-fm-23/2000055429-luis-miguel-dopico
https://fminside.net/players/3-fm-23/2000055968-lorenzo-palmisani
https://fminside.net/players/3-fm-23/2000066242-anas-guendouri
https://fminside.net/players/3-fm-23/2000103009-mattya-dalessandro
https://fminside.net/players/3-fm-23/2000114377-amine-azzabi
https://fminside.net/players/3-fm-23/2000184378-fran-bolly
https://fminside.net/players/3-fm-23/2000187373-riccardo-raimondi
https://fminside.net/players/3-fm-23/2000194142-omran-iraki
https://fminside.net/players/3-fm-23/2000194645-erik-herrmann
https://fminside.net/players/3-fm-23/2000199569-maizon-rodriguez
https://fminside.net/players/3-fm-23/2000232669-gianluca-marini
https://fminside.net/players/3-fm-23/2000247423-antonino-magliano
https://fminside.net/players/3-fm-23/2000247745-yanis-bouaddi
https://fminside.net/players/3-fm-23/2000248942-seb-stacey
https://fminside.net/players/3-fm-23/5113492-matthew-barnes-homer
https://fminside.net/players/3-fm-23/85104939-cedric-tuta
https://fminside.net/players/3-fm-23/2000051972-curtis-durose
https://fminside.net/players/3-fm-23/2000067440-muhammed-kucuk
https://fminside.net/players/3-fm-23/2000181701-oumar-diallo
https://fminside.net/players/3-fm-23/2000186709-ivan-silvestri
https://fminside.net/players/3-fm-23/2000187853-mouhamed-diallo
https://fminside.net/players/3-fm-23/2000193863-guzman
https://fminside.net/players/3-fm-23/2000223151-lorenzo-niccolai
https://fminside.net/players/3-fm-23/2000232209-mamadou-sagna
https://fminside.net/players/3-fm-23/2000234278-mohamed-el-korchi
https://fminside.net/players/3-fm-23/2000235344-massiga-doucoure
https://fminside.net/players/3-fm-23/2000244563-peter-remmert
https://fminside.net/players/3-fm-23/2000244567-fin-tiedeken
https://fminside.net/players/3-fm-23/2000244943-paul-schneider
https://fminside.net/players/3-fm-23/2000245106-mohamed-khalil
https://fminside.net/players/3-fm-23/2000247174-jorge-carro
https://fminside.net/players/3-fm-23/2000050468-mattia-bernini
https://fminside.net/players/3-fm-23/2000066504-raphe-brown
https://fminside.net/players/3-fm-23/2000174897-daniel-gorden-raul
https://fminside.net/players/3-fm-23/2000180641-arturo
https://fminside.net/players/3-fm-23/2000192885-ben-de-lacy-turner
https://fminside.net/players/3-fm-23/2000235369-lucas-bordes
https://fminside.net/players/3-fm-23/2000235372-florian-dorso
https://fminside.net/players/3-fm-23/2000237519-wail-essafiani
https://fminside.net/players/3-fm-23/2000243385-alessandro-santambrogio
https://fminside.net/players/3-fm-23/2000243460-palacio
https://fminside.net/players/3-fm-23/2000246052-chinedu-christopher
https://fminside.net/players/3-fm-23/16337149-mikhail-kalini
https://fminside.net/players/3-fm-23/31035542-tre-mitford
https://fminside.net/players/3-fm-23/2000050618-charlie-hughes
https://fminside.net/players/3-fm-23/2000059239-selim-saied
https://fminside.net/players/3-fm-23/2000066243-ben-siggers
https://fminside.net/players/3-fm-23/2000167696-danny-barlow
https://fminside.net/players/3-fm-23/2000184632-oli
https://fminside.net/players/3-fm-23/2000194684-mika-ney
https://fminside.net/players/3-fm-23/2000235330-kamal-dadi
https://fminside.net/players/3-fm-23/2000235331-donovan-delgado
https://fminside.net/players/3-fm-23/2000235374-valentin-viot
https://fminside.net/players/3-fm-23/2000238096-alejandro-jimenez
https://fminside.net/players/3-fm-23/2000240328-alex-calvo
https://fminside.net/players/3-fm-23/2000241978-alvaro-prieto
https://fminside.net/players/3-fm-23/2000244525-andrea-costa
https://fminside.net/players/3-fm-23/2000245901-enzo-cassano
https://fminside.net/players/3-fm-23/2000247711-anilton-mendes-correia
https://fminside.net/players/3-fm-23/2000249119-jesse-thompson
https://fminside.net/players/3-fm-23/5111633-jamie-collins
https://fminside.net/players/3-fm-23/2000058081-dario-maiullari
https://fminside.net/players/3-fm-23/2000066278-javier-albin
https://fminside.net/players/3-fm-23/2000103333-leon-elshan
https://fminside.net/players/3-fm-23/2000164416-edoardo-gotti
https://fminside.net/players/3-fm-23/2000180542-gabriele-oliva
https://fminside.net/players/3-fm-23/2000189977-prince-sikiru
https://fminside.net/players/3-fm-23/2000193927-seye
https://fminside.net/players/3-fm-23/2000193970-seyid-akova
https://fminside.net/players/3-fm-23/2000194652-younes-el-haddoudi
https://fminside.net/players/3-fm-23/2000232659-stefano-califano
https://fminside.net/players/3-fm-23/2000234280-sabri-daouadji
https://fminside.net/players/3-fm-23/2000235384-michael-herve
https://fminside.net/players/3-fm-23/2000244748-christopher-rasper
https://fminside.net/players/3-fm-23/2000245059-ketil-eckhardt
https://fminside.net/players/3-fm-23/2000248202-josepe
https://fminside.net/players/3-fm-23/2000248829-zinedine-boulebiar
https://fminside.net/players/3-fm-23/2000183435-pablo-fernandez
https://fminside.net/players/3-fm-23/2000188145-federico-aliffi
https://fminside.net/players/3-fm-23/2000188912-george-nevett
https://fminside.net/players/3-fm-23/2000194161-muhammet-aydin
https://fminside.net/players/3-fm-23/2000232270-japhet-mutombo
https://fminside.net/players/3-fm-23/2000232654-antonio-di-serio
https://fminside.net/players/3-fm-23/2000240526-alex-lopez-cazenave
https://fminside.net/players/3-fm-23/2000241545-karl-linus-kreiblich
https://fminside.net/players/3-fm-23/2000242034-cheikh-ndour
https://fminside.net/players/3-fm-23/2000242043-nathan-falconnier
https://fminside.net/players/3-fm-23/2000242389-lennox-magalhaes
https://fminside.net/players/3-fm-23/2000242792-ivan-romero
https://fminside.net/players/3-fm-23/2000243974-simon-pichlmeier
https://fminside.net/players/3-fm-23/2000244535-michael-maltoni
https://fminside.net/players/3-fm-23/2000244577-max-niklas-milde
https://fminside.net/players/3-fm-23/2000244786-anes-dautovic
https://fminside.net/players/3-fm-23/2000245913-tommaso-menegaldo
https://fminside.net/players/3-fm-23/2000246845-mio-didi
https://fminside.net/players/3-fm-23/31035538-tommie-fagg
https://fminside.net/players/3-fm-23/2000051050-harvey-rowe
https://fminside.net/players/3-fm-23/2000054870-diego-sanroman
https://fminside.net/players/3-fm-23/2000161376-jedidiah-afenyo
https://fminside.net/players/3-fm-23/2000185842-lorenzo-cherubini
https://fminside.net/players/3-fm-23/2000194638-luca-krause
https://fminside.net/players/3-fm-23/2000222337-nicolo-galeazzi
https://fminside.net/players/3-fm-23/2000237521-jordan-radojevic
https://fminside.net/players/3-fm-23/2000241949-juanma
https://fminside.net/players/3-fm-23/2000241952-jose-pedraza
https://fminside.net/players/3-fm-23/2000244649-efe-aldemir
https://fminside.net/players/3-fm-23/2000246336-jacopo-fumagalli
https://fminside.net/players/3-fm-23/2000246688-antonio-molina
https://fminside.net/players/3-fm-23/2000051052-dylan-youmbi
https://fminside.net/players/3-fm-23/2000056300-willian
https://fminside.net/players/3-fm-23/2000058685-ollie-brown
https://fminside.net/players/3-fm-23/2000164350-mattia-nunzio-grassia
https://fminside.net/players/3-fm-23/2000188821-keane-barugh
https://fminside.net/players/3-fm-23/2000194119-antonio-lubaki
https://fminside.net/players/3-fm-23/2000194211-pal-helmich
https://fminside.net/players/3-fm-23/2000232208-victor-fablet
https://fminside.net/players/3-fm-23/2000235329-theo-mothmora
https://fminside.net/players/3-fm-23/2000235383-souleymane-cisse
https://fminside.net/players/3-fm-23/2000236922-joaquin-domingo
https://fminside.net/players/3-fm-23/2000237518-mody-ba
https://fminside.net/players/3-fm-23/2000243024-omar-falah
https://fminside.net/players/3-fm-23/2000243861-tobias-pawelczyk
https://fminside.net/players/3-fm-23/2000243994-evan-payne
https://fminside.net/players/3-fm-23/2000245906-mattia-valneri
https://fminside.net/players/3-fm-23/2000247710-karamba-dansoko
https://fminside.net/players/3-fm-23/2000247870-mouhamadou-konate
https://fminside.net/players/3-fm-23/2000247902-abel-acosta
https://fminside.net/players/3-fm-23/2000248093-pietro-pisa
https://fminside.net/players/3-fm-23/2000064345-sam-granville
https://fminside.net/players/3-fm-23/2000075720-alessandro-russello
https://fminside.net/players/3-fm-23/2000190577-matteo-antignani
https://fminside.net/players/3-fm-23/2000193669-lisandro
https://fminside.net/players/3-fm-23/2000194206-jordan-thurau
https://fminside.net/players/3-fm-23/2000194208-meisour-mohamed
https://fminside.net/players/3-fm-23/2000232662-giuseppe-frogiero
https://fminside.net/players/3-fm-23/2000233779-izan-merino
https://fminside.net/players/3-fm-23/2000235370-sahin-evsan
https://fminside.net/players/3-fm-23/2000241948-juanfran
https://fminside.net/players/3-fm-23/2000244568-mike-leue
https://fminside.net/players/3-fm-23/2000244820-sion-beuker
https://fminside.net/players/3-fm-23/2000245989-alessandro-cirillo
https://fminside.net/players/3-fm-23/2000246186-miguel-bellon
https://fminside.net/players/3-fm-23/2000248041-ander-sainz
https://fminside.net/players/3-fm-23/31050181-luke-warner-eley
https://fminside.net/players/3-fm-23/2000051177-sean-lawton
https://fminside.net/players/3-fm-23/2000192829-harry-lodovica
https://fminside.net/players/3-fm-23/2000193648-daniele-camorani
https://fminside.net/players/3-fm-23/2000235371-brandon-marianella
https://fminside.net/players/3-fm-23/2000237307-nando
https://fminside.net/players/3-fm-23/2000243716-gianluca-rinchiuso
https://fminside.net/players/3-fm-23/2000244521-michel-brescia
https://fminside.net/players/3-fm-23/2000244850-ege-ibrahim-oruc
https://fminside.net/players/3-fm-23/2000244935-finn-hetzsch
https://fminside.net/players/3-fm-23/2000245082-jakob-dierichen
https://fminside.net/players/3-fm-23/2000246453-abdellah-el-guerouani
https://fminside.net/players/3-fm-23/2000246899-riccardo-ori
https://fminside.net/players/3-fm-23/2000075712-alberto-frangioni
https://fminside.net/players/3-fm-23/2000186958-maat-daniel-caprini
https://fminside.net/players/3-fm-23/2000241033-ethan-light
https://fminside.net/players/3-fm-23/2000245985-edoardo-nunziati
https://fminside.net/players/3-fm-23/2000246191-alex-ciria
https://fminside.net/players/3-fm-23/2000247094-fernando-moreno
https://fminside.net/players/3-fm-23/2000248964-jack-copland
https://fminside.net/players/3-fm-23/30030000-joe-clarke
https://fminside.net/players/3-fm-23/31035558-dominic-morgan-griffiths
https://fminside.net/players/3-fm-23/31036053-ansu-janneh
https://fminside.net/players/3-fm-23/31042030-ezra-ikebuasi
https://fminside.net/players/3-fm-23/2000049024-landon-golding
https://fminside.net/players/3-fm-23/2000063720-tom-blackwell
https://fminside.net/players/3-fm-23/2000072483-jeffrey-mensah
https://fminside.net/players/3-fm-23/2000076653-amir-warid
https://fminside.net/players/3-fm-23/2000128469-massimo-karol-accardo
https://fminside.net/players/3-fm-23/2000164361-carlo-lombardo
https://fminside.net/players/3-fm-23/2000186388-enrico-de-silvestri
https://fminside.net/players/3-fm-23/2000189117-orrin-pendley
https://fminside.net/players/3-fm-23/2000222789-christian-bianchi
https://fminside.net/players/3-fm-23/2000232664-jack-dixson
https://fminside.net/players/3-fm-23/2000234270-ouassim-faradji
https://fminside.net/players/3-fm-23/2000241473-bela-rebensburg
https://fminside.net/players/3-fm-23/2000241547-felix-erkelenz
https://fminside.net/players/3-fm-23/2000243837-georgios-makridis
https://fminside.net/players/3-fm-23/2000244527-michele-verde
https://fminside.net/players/3-fm-23/2000244929-luc-thomas-elsner
https://fminside.net/players/3-fm-23/2000244936-florian-senf
https://fminside.net/players/3-fm-23/2000245101-paul-hamella
https://fminside.net/players/3-fm-23/2000246031-lorenzo-lancellotti
https://fminside.net/players/3-fm-23/2000246581-pedro-felix
https://fminside.net/players/3-fm-23/2000247855-dariel-bernal
https://fminside.net/players/3-fm-23/2000247857-boukhari-keita
https://fminside.net/players/3-fm-23/2000248059-lucky-james
https://fminside.net/players/3-fm-23/31035126-bayley-brown
https://fminside.net/players/3-fm-23/31039581-dominic-odusanya
https://fminside.net/players/3-fm-23/36523705-nacho-mesa
https://fminside.net/players/3-fm-23/2000055470-emmanuel-maja
https://fminside.net/players/3-fm-23/2000062723-luke-chadwick
https://fminside.net/players/3-fm-23/2000070267-kubilay-arayan
https://fminside.net/players/3-fm-23/2000161823-fabio-kibonda
https://fminside.net/players/3-fm-23/2000163936-angel-carceles
https://fminside.net/players/3-fm-23/2000187196-giuseppe-iaropoli
https://fminside.net/players/3-fm-23/2000232667-dominik-vayulya
https://fminside.net/players/3-fm-23/2000241550-pepe-hinterschuster
https://fminside.net/players/3-fm-23/2000245188-julian-mellem
https://fminside.net/players/3-fm-23/2000245622-liongo-andondo
https://fminside.net/players/3-fm-23/2000049989-joe-wragg
https://fminside.net/players/3-fm-23/2000050273-matteo-lombardi
https://fminside.net/players/3-fm-23/2000054854-brando-marmiroli
https://fminside.net/players/3-fm-23/2000055517-ian-tobar
https://fminside.net/players/3-fm-23/2000066150-harrison-sodje
https://fminside.net/players/3-fm-23/2000180017-maxwell-mullins
https://fminside.net/players/3-fm-23/2000223143-thomas-bonfanti
https://fminside.net/players/3-fm-23/2000240911-christian-di-martino
https://fminside.net/players/3-fm-23/2000241546-fonseca-pereira-mendes
https://fminside.net/players/3-fm-23/2000244745-lukas-landwehr
https://fminside.net/players/3-fm-23/2000244763-julien-noah-kracht
https://fminside.net/players/3-fm-23/2000245530-samuele-ermini
https://fminside.net/players/3-fm-23/2000245752-manuel-costante
https://fminside.net/players/3-fm-23/2000248095-daniele-cagnina
https://fminside.net/players/3-fm-23/31035522-slavomir-huk
https://fminside.net/players/3-fm-23/31035551-chevron-mclean
https://fminside.net/players/3-fm-23/31035856-lewis-manor
https://fminside.net/players/3-fm-23/31036124-dsean-theobalds
https://fminside.net/players/3-fm-23/31037387-charlie-philpott
https://fminside.net/players/3-fm-23/31038951-junaid-bell
https://fminside.net/players/3-fm-23/2000165812-eduino-vaz
https://fminside.net/players/3-fm-23/2000188915-nail-ayub
https://fminside.net/players/3-fm-23/2000239427-juan-crisafi
https://fminside.net/players/3-fm-23/2000243847-mark-deda
https://fminside.net/players/3-fm-23/2000244931-lukas-wilczynski
https://fminside.net/players/3-fm-23/2000245085-leon-seemann
https://fminside.net/players/3-fm-23/2000245902-emanuele-zanaboni
https://fminside.net/players/3-fm-23/2000248027-ndiaga-samb
https://fminside.net/players/3-fm-23/31042050-ash-nzala
https://fminside.net/players/3-fm-23/2000025240-luigi-romano
https://fminside.net/players/3-fm-23/2000053818-szymon-kowalczyk
https://fminside.net/players/3-fm-23/2000064347-james-callan
https://fminside.net/players/3-fm-23/2000183891-lewis-leech
https://fminside.net/players/3-fm-23/2000191952-francesco-mosetti
https://fminside.net/players/3-fm-23/2000241557-hussein-youssef
https://fminside.net/players/3-fm-23/2000245121-jonas-marx
https://fminside.net/players/3-fm-23/2000248206-jose-diaz
https://fminside.net/players/3-fm-23/31039357-will-seager
https://fminside.net/players/3-fm-23/2000050622-tom-watson
https://fminside.net/players/3-fm-23/2000054083-luca-woodhouse
https://fminside.net/players/3-fm-23/2000054755-samuele-tacchini
https://fminside.net/players/3-fm-23/2000055995-raul-gesmundo
https://fminside.net/players/3-fm-23/2000056420-david-sanchez
https://fminside.net/players/3-fm-23/2000075362-pablo-mingo
https://fminside.net/players/3-fm-23/2000182764-giuseppe-damore
https://fminside.net/players/3-fm-23/2000184644-sam-brown
https://fminside.net/players/3-fm-23/2000186077-reggie-gregory
https://fminside.net/players/3-fm-23/2000187204-simone-mazzadi
https://fminside.net/players/3-fm-23/2000191969-edson-vanie-tiesse
https://fminside.net/players/3-fm-23/2000194140-tristan-haupt
https://fminside.net/players/3-fm-23/2000194669-cederic-becker
https://fminside.net/players/3-fm-23/2000238464-max-brogan
https://fminside.net/players/3-fm-23/2000243839-resul-musolli
https://fminside.net/players/3-fm-23/2000247555-andry-demira
https://fminside.net/players/3-fm-23/31035125-wadah-ahmidi
https://fminside.net/players/3-fm-23/2000051899-alessandro-licco
https://fminside.net/players/3-fm-23/2000058040-romeo-paparesta
https://fminside.net/players/3-fm-23/2000103465-cesare-aracri
https://fminside.net/players/3-fm-23/2000194178-dennis-fischer
https://fminside.net/players/3-fm-23/2000243779-marco-blinn
https://fminside.net/players/3-fm-23/2000244947-jannes-leptien
https://fminside.net/players/3-fm-23/2000246458-alexandro-freddi
https://fminside.net/players/3-fm-23/2000248387-mario-vona
https://fminside.net/players/3-fm-23/2000249095-flynn-hamilton
https://fminside.net/players/3-fm-23/2000249098-finn-adams
https://fminside.net/players/3-fm-23/31052882-caine-bradbury
https://fminside.net/players/3-fm-23/2000051910-andrea-barisone
https://fminside.net/players/3-fm-23/2000072664-marco-cheng
https://fminside.net/players/3-fm-23/2000075718-paolo-pasquali
https://fminside.net/players/3-fm-23/2000081560-latham-edwards
https://fminside.net/players/3-fm-23/2000177926-jan-niklas-kersten
https://fminside.net/players/3-fm-23/2000183879-francesco-mancino
https://fminside.net/players/3-fm-23/2000185223-nicholas-cecere
https://fminside.net/players/3-fm-23/2000232673-domenico-prezioso
https://fminside.net/players/3-fm-23/2000235944-moussa-diallo
https://fminside.net/players/3-fm-23/2000241980-samu-garrido
https://fminside.net/players/3-fm-23/2000243582-andrea-toldo
https://fminside.net/players/3-fm-23/2000244510-cristian-luigi-ciurlo
https://fminside.net/players/3-fm-23/2000248388-otello-antolini
https://fminside.net/players/3-fm-23/2000249118-keon-sanniola
https://fminside.net/players/3-fm-23/2000050623-owen-mooney
https://fminside.net/players/3-fm-23/2000161142-christos-amarantidis
https://fminside.net/players/3-fm-23/2000174294-edoh-lawson
https://fminside.net/players/3-fm-23/2000185038-george-horbury
https://fminside.net/players/3-fm-23/2000194163-michael-szczepanik
https://fminside.net/players/3-fm-23/2000194167-hamid-sen
https://fminside.net/players/3-fm-23/2000239292-pablo-zahnen-martinez
https://fminside.net/players/3-fm-23/2000244512-claudio-de-blasio
https://fminside.net/players/3-fm-23/2000245751-elia-bertolio
https://fminside.net/players/3-fm-23/2000248996-nathan-jeche
https://fminside.net/players/3-fm-23/31039615-ola-ogunwamide
https://fminside.net/players/3-fm-23/2000058739-charlie-watt
https://fminside.net/players/3-fm-23/2000232080-leo-laporte
https://fminside.net/players/3-fm-23/2000241672-michele-maglione
https://fminside.net/players/3-fm-23/2000243718-david-kercek
https://fminside.net/players/3-fm-23/2000248215-samu-vallejo
https://fminside.net/players/3-fm-23/31035545-ollie-robinson
https://fminside.net/players/3-fm-23/37053017-enock-ekongo
https://fminside.net/players/3-fm-23/2000072572-amoro-diedhiou
https://fminside.net/players/3-fm-23/2000103601-francesco-festa
https://fminside.net/players/3-fm-23/2000179679-reuben-wyatt
https://fminside.net/players/3-fm-23/2000194667-harry-reilly
https://fminside.net/players/3-fm-23/2000242496-tiziano-spanu
https://fminside.net/players/3-fm-23/31037585-joel-colbran
https://fminside.net/players/3-fm-23/2000048824-stephane-dieupeu
https://fminside.net/players/3-fm-23/2000244529-marco-toma
https://fminside.net/players/3-fm-23/2000249121-olly-sully
https://fminside.net/players/3-fm-23/2000052486-lloyd-smith
https://fminside.net/players/3-fm-23/2000059567-eliasz-sienko
https://fminside.net/players/3-fm-23/2000065349-filip-chalupniczak
https://fminside.net/players/3-fm-23/2000179678-jacob-scott
https://fminside.net/players/3-fm-23/2000190512-jude-collins
https://fminside.net/players/3-fm-23/2000194205-karim-ahmad
https://fminside.net/players/3-fm-23/2000232657-amadou-badji
https://fminside.net/players/3-fm-23/2000244120-dominic-ruck
https://fminside.net/players/3-fm-23/2000048903-expo
https://fminside.net/players/3-fm-23/2000057862-charlie-smith
https://fminside.net/players/3-fm-23/2000075695-lorenzo-rusconi
https://fminside.net/players/3-fm-23/2000188925-darren-ehimamiegho
https://fminside.net/players/3-fm-23/2000192198-isaac-sijuade
https://fminside.net/players/3-fm-23/2000243704-elias-mazietele
https://fminside.net/players/3-fm-23/2000245200-alexandru-iacob
https://fminside.net/players/3-fm-23/2000245750-matteo-galletti
https://fminside.net/players/3-fm-23/2000050774-gustavo-pagliari
https://fminside.net/players/3-fm-23/2000073854-christos-siamatas
https://fminside.net/players/3-fm-23/2000075360-tito
https://fminside.net/players/3-fm-23/2000075365-christopher-harris
https://fminside.net/players/3-fm-23/2000189360-lorenzo-ievolella
https://fminside.net/players/3-fm-23/2000238108-aaron-austin
https://fminside.net/players/3-fm-23/2000247550-simone-testa
https://fminside.net/players/3-fm-23/2000050625-arthur-lomax
https://fminside.net/players/3-fm-23/2000185561-ben-taylor
https://fminside.net/players/3-fm-23/2000193879-giuseppe-battimelli
https://fminside.net/players/3-fm-23/2000236144-niccolo-barzago
https://fminside.net/players/3-fm-23/2000242293-enetz
https://fminside.net/players/3-fm-23/2000243851-eren-akgeyik
https://fminside.net/players/3-fm-23/2000246444-mattia-schneider
https://fminside.net/players/3-fm-23/5112400-darren-budd
https://fminside.net/players/3-fm-23/31035876-chinedu-osadebe
https://fminside.net/players/3-fm-23/2000069168-henry-bremer
https://fminside.net/players/3-fm-23/2000075721-riccardo-scarpa
https://fminside.net/players/3-fm-23/2000194129-endi-jupolli
https://fminside.net/players/3-fm-23/2000243715-simon-frisch
https://fminside.net/players/3-fm-23/2000191267-josh-blunkell
https://fminside.net/players/3-fm-23/2000191268-christie-ward
https://fminside.net/players/3-fm-23/2000246452-haroune-benallal
https://fminside.net/players/3-fm-23/36528279-moises-suarez
https://fminside.net/players/3-fm-23/2000249115-jose-marquez
https://fminside.net/players/3-fm-23/2000181041-jay-hines
https://fminside.net/players/3-fm-23/2000243710-mersad-hamzic
https://fminside.net/players/3-fm-23/2000246146-daniel-bersanetti
https://fminside.net/players/3-fm-23/2000246159-argan-clodic-boucher
https://fminside.net/players/3-fm-23/52098255-rasaq-alamu
https://fminside.net/players/3-fm-23/2000243302-charlie-preston
https://fminside.net/players/3-fm-23/2000248096-marzio-casadidio
https://fminside.net/players/3-fm-23/2000249114-luca-alonzi
https://fminside.net/players/3-fm-23/2000249829-lucas-turrell
https://fminside.net/players/3-fm-23/2000049690-alessandro-cascone
https://fminside.net/players/3-fm-23/2000243707-yann-fernandez
https://fminside.net/players/3-fm-23/31050675-cameron-brodie
https://fminside.net/players/3-fm-23/2000057792-tommy-curry
https://fminside.net/players/3-fm-23/2000179701-aamir-daniels
https://fminside.net/players/3-fm-23/2000232678-martin-torinti
https://fminside.net/players/3-fm-23/2000068386-paul-konrad
https://fminside.net/players/3-fm-23/2000243712-laurin-mohm
https://fminside.net/players/3-fm-23/2000249117-zach-mckenzie
https://fminside.net/players/3-fm-23/31050748-george-smith
https://fminside.net/players/3-fm-23/2000051304-jacob-bulmer
https://fminside.net/players/3-fm-23/2000070583-maurice-brands
https://fminside.net/players/3-fm-23/2000234228-marco-cannone
https://fminside.net/players/3-fm-23/2000243702-jan-schunck
https://fminside.net/players/3-fm-23/2000243709-marcello-tacca
https://fminside.net/players/3-fm-23/2000075606-luigi-ciuffini
https://fminside.net/players/3-fm-23/2000243778-luis-althaus
https://fminside.net/players/3-fm-23/2000244121-giuliano-breve
https://fminside.net/players/3-fm-23/2000244123-joshua-grosser
https://fminside.net/players/3-fm-23/2000243706-jason-tunkel
https://fminside.net/players/3-fm-23/2000243782-vakkas-sahan
https://fminside.net/players/3-fm-23/2000250540-myles-la-bastide
https://fminside.net/players/3-fm-23/2000243705-marc-ambos
https://fminside.net/players/3-fm-23/2000244119-joshua-ammon
https://fminside.net/players/3-fm-23/2000240951-alex-mooney
https://fminside.net/players/3-fm-23/2000243703-michael-schroeder
https://fminside.net/players/3-fm-23/2000244124-jermain-schranz
https://fminside.net/players/3-fm-23/2000240785-harlee-vozza
https://fminside.net/players/3-fm-23/2000249116-william-merret
https://fminside.net/players/3-fm-23/2000239352-jake-lovelace
https://fminside.net/players/3-fm-23/2000243768-luca-behr
https://fminside.net/players/3-fm-23/2000244800-ben-vine
